%!Adobe-FontList 1.04

%BeginFont
Handler:DirectoryHandler
FontType:Type1
FontName:Eng_EuroExtLine
FamilyName:Eng_EuroExtLine
StyleName:Normal
FullName:Eng_EuroExtLine Normal
WritingScript:Roman
OutlineFileName:\^EURO.PFB
DataFormat:Plain
UsesStandardEncoding:yes
isCFF:no
FileLength:9243
WeightClass:400
WidthClass:5
AngleClass:0
%EndFont

%BeginFont
Handler:DirectoryHandler
FontType:Type1
FontName:Eng_FuturaLine
FamilyName:Eng_FuturaLine
StyleName:Normal
FullName:Eng_FuturaLine Normal
WritingScript:Roman
OutlineFileName:\^FUTURA.PFB
DataFormat:Plain
UsesStandardEncoding:yes
isCFF:no
FileLength:8427
WeightClass:400
WidthClass:5
AngleClass:0
%EndFont

%BeginFont
Handler:DirectoryHandler
FontType:Type1
FontName:Eng_HelveticaFil2
FamilyName:Eng_HelveticaFil2
StyleName:Normal
FullName:Eng_HelveticaFil2 Normal
WritingScript:Roman
OutlineFileName:\^HELFIL2.PFB
DataFormat:Plain
UsesStandardEncoding:yes
isCFF:no
FileLength:17739
WeightClass:400
WidthClass:5
AngleClass:0
%EndFont

%BeginFont
Handler:DirectoryHandler
FontType:Type1
FontName:Eng_HelvFill
FamilyName:Eng_HelvFill
StyleName:Normal
FullName:Eng_HelvFill Normal
WritingScript:Roman
OutlineFileName:\^HELVFIL.PFB
DataFormat:Plain
UsesStandardEncoding:yes
isCFF:no
FileLength:21727
WeightClass:400
WidthClass:5
AngleClass:0
%EndFont

%BeginFont
Handler:DirectoryHandler
FontType:Type1
FontName:Eng_HelvLine
FamilyName:Eng_HelvLine
StyleName:Normal
FullName:Eng_HelvLine Normal
WritingScript:Roman
OutlineFileName:\^HELV.PFB
DataFormat:Plain
UsesStandardEncoding:yes
isCFF:no
FileLength:8635
WeightClass:400
WidthClass:5
AngleClass:0
%EndFont

%BeginFont
Handler:DirectoryHandler
FontType:Type1
FontName:Eng_LubalinLine
FamilyName:Eng_LubalinLine
StyleName:Normal
FullName:Eng_LubalinLine Normal
WritingScript:Roman
OutlineFileName:\^LUBALIN.PFB
DataFormat:Plain
UsesStandardEncoding:yes
isCFF:no
FileLength:9829
WeightClass:400
WidthClass:5
AngleClass:0
%EndFont

%BeginFont
Handler:DirectoryHandler
FontType:Type1
FontName:Eng_ParkAveLine
FamilyName:Eng_ParkAveLine
StyleName:Normal
FullName:Eng_ParkAveLine Normal
WritingScript:Roman
OutlineFileName:\^PARK.PFB
DataFormat:Plain
UsesStandardEncoding:yes
isCFF:no
FileLength:11264
WeightClass:400
WidthClass:5
AngleClass:0
%EndFont

%BeginFont
Handler:DirectoryHandler
FontType:Type1
FontName:Eng_RomanFil2
FamilyName:Eng_RomanFil2
StyleName:Normal
FullName:Eng_RomanFil2 Normal
WritingScript:Roman
OutlineFileName:\^ROMFIL2.PFB
DataFormat:Plain
UsesStandardEncoding:yes
isCFF:no
FileLength:20601
WeightClass:400
WidthClass:5
AngleClass:0
%EndFont

%BeginFont
Handler:DirectoryHandler
FontType:Type1
FontName:Eng_RomanFill
FamilyName:Eng_RomanFill
StyleName:Normal
FullName:Eng_RomanFill Normal
WritingScript:Roman
OutlineFileName:\^ROMFIL.PFB
DataFormat:Plain
UsesStandardEncoding:yes
isCFF:no
FileLength:24014
WeightClass:400
WidthClass:5
AngleClass:0
%EndFont

%BeginFont
Handler:DirectoryHandler
FontType:Type1
FontName:Eng_SquireLine
FamilyName:Eng_SquireLine
StyleName:Normal
FullName:Eng_SquireLine Normal
WritingScript:Roman
OutlineFileName:\^SQUIRE.PFB
DataFormat:Plain
UsesStandardEncoding:yes
isCFF:no
FileLength:8312
WeightClass:400
WidthClass:5
AngleClass:0
%EndFont

%BeginFont
Handler:DirectoryHandler
FontType:Type1
FontName:Eng_UniversLine
FamilyName:Eng_UniversLine
StyleName:Normal
FullName:Eng_UniversLine Normal
WritingScript:Roman
OutlineFileName:\^UNIV.PFB
DataFormat:Plain
UsesStandardEncoding:yes
isCFF:no
FileLength:8698
WeightClass:400
WidthClass:5
AngleClass:0
%EndFont

%BeginFont
Handler:DirectoryHandler
FontType:Type1
FontName:Eng_VandLine
FamilyName:Eng_VandLine
StyleName:Normal
FullName:Eng_VandLine Normal
WritingScript:Roman
OutlineFileName:\^VAND.PFB
DataFormat:Plain
UsesStandardEncoding:yes
isCFF:no
FileLength:9851
WeightClass:400
WidthClass:5
AngleClass:0
%EndFont

%BeginFont
Handler:DirectoryHandler
FontType:Invalid
OutlineFileName:\atmfonts.qlc
%EndFont

%BeginFont
Handler:DirectoryHandler
FontType:PFM
FontName:Eng_EuroExtLine
NumMMAxes:0
OutlineFileName:\PFM\^EURO.PFM
FileLength:690
%EndFont

%BeginFont
Handler:DirectoryHandler
FontType:PFM
FontName:Eng_FuturaLine
NumMMAxes:0
OutlineFileName:\PFM\^FUTURA.PFM
FileLength:688
%EndFont

%BeginFont
Handler:DirectoryHandler
FontType:PFM
FontName:Eng_HelveticaFil2
NumMMAxes:0
OutlineFileName:\PFM\^HELFIL2.PFM
FileLength:694
%EndFont

%BeginFont
Handler:DirectoryHandler
FontType:PFM
FontName:Eng_HelvFill
NumMMAxes:0
OutlineFileName:\PFM\^HELVFIL.PFM
FileLength:684
%EndFont

%BeginFont
Handler:DirectoryHandler
FontType:PFM
FontName:Eng_HelvLine
NumMMAxes:0
OutlineFileName:\PFM\^HELV.PFM
FileLength:684
%EndFont

%BeginFont
Handler:DirectoryHandler
FontType:PFM
FontName:Eng_LubalinLine
NumMMAxes:0
OutlineFileName:\PFM\^LUBALIN.PFM
FileLength:690
%EndFont

%BeginFont
Handler:DirectoryHandler
FontType:PFM
FontName:Eng_ParkAveLine
NumMMAxes:0
OutlineFileName:\PFM\^PARK.PFM
FileLength:690
%EndFont

%BeginFont
Handler:DirectoryHandler
FontType:PFM
FontName:Eng_RomanFil2
NumMMAxes:0
OutlineFileName:\PFM\^ROMFIL2.PFM
FileLength:686
%EndFont

%BeginFont
Handler:DirectoryHandler
FontType:PFM
FontName:Eng_RomanFill
NumMMAxes:0
OutlineFileName:\PFM\^ROMFIL.PFM
FileLength:686
%EndFont

%BeginFont
Handler:DirectoryHandler
FontType:PFM
FontName:Eng_SquireLine
NumMMAxes:0
OutlineFileName:\PFM\^SQUIRE.PFM
FileLength:688
%EndFont

%BeginFont
Handler:DirectoryHandler
FontType:PFM
FontName:Eng_UniversLine
NumMMAxes:0
OutlineFileName:\PFM\^UNIV.PFM
FileLength:690
%EndFont

%BeginFont
Handler:DirectoryHandler
FontType:PFM
FontName:Eng_VandLine
NumMMAxes:0
OutlineFileName:\PFM\^VAND.PFM
FileLength:684
%EndFont

